0 verbose cli /usr/local/bin/node /usr/local/bin/npm
1 info using npm@11.6.2
2 info using node@v24.13.0
3 silly config load:file:/usr/local/lib/node_modules/npm/npmrc
4 silly config load:file:/Users/osx/Downloads/stitch_audio_video_chat_app/.npmrc
5 silly config load:file:/Users/osx/.npmrc
6 silly config load:file:/usr/local/etc/npmrc
7 verbose title npm install
8 verbose argv "install" "--cache" "./.npm-cache"
9 verbose logfile logs-max:10 dir:/Users/osx/Downloads/stitch_audio_video_chat_app/.npm-cache/_logs/2026-10-07T17_55_44_834Z-
10 verbose logfile /Users/osx/Downloads/stitch_audio_video_chat_app/.npm-cache/_logs/2026-10-07T17_55_44_834Z-debug-0.log
11 silly logfile done cleaning log files
12 silly packumentCache heap:4496293888 maxSize:1124073472 maxEntrySize:562036736
13 silly idealTree buildDeps
14 silly fetch manifest express@^4.21.2
15 silly packumentCache full:https://registry.npmjs.org/express cache-miss
16 http fetch GET 200 https://registry.npmjs.org/express 86ms (cache miss)
17 silly packumentCache full:https://registry.npmjs.org/express set size:undefined disposed:false
18 silly fetch manifest socket.io@^4.8.1
19 silly packumentCache full:https://registry.npmjs.org/socket.io cache-miss
20 http fetch GET 200 https://registry.npmjs.org/npm 130ms
21 http fetch GET 200 https://registry.npmjs.org/socket.io 47ms (cache miss)
22 silly packumentCache full:https://registry.npmjs.org/socket.io set size:undefined disposed:false
23 silly placeDep ROOT express@4.22.3 OK for: obsidian-chat-app@1.0.0 want: ^4.21.2
24 silly placeDep ROOT socket.io@4.8.4 OK for: obsidian-chat-app@1.0.0 want: ^4.8.1
25 silly fetch manifest qs@~6.16.0
26 silly packumentCache full:https://registry.npmjs.org/qs cache-miss
27 silly fetch manifest depd@2.0.0
28 silly packumentCache full:https://registry.npmjs.org/depd cache-miss
29 silly fetch manifest etag@~1.8.1
30 silly packumentCache full:https://registry.npmjs.org/etag cache-miss
31 silly fetch manifest send@~0.19.0
32 silly packumentCache full:https://registry.npmjs.org/send cache-miss
33 silly fetch manifest vary@~1.1.2
34 silly packumentCache full:https://registry.npmjs.org/vary cache-miss
35 silly fetch manifest debug@2.6.9
36 silly packumentCache full:https://registry.npmjs.org/debug cache-miss
37 silly fetch manifest fresh@~0.5.2
38 silly packumentCache full:https://registry.npmjs.org/fresh cache-miss
39 http fetch GET 200 https://registry.npmjs.org/depd 27ms (cache miss)
40 silly packumentCache full:https://registry.npmjs.org/depd set size:undefined disposed:false
41 silly fetch manifest cookie@~0.7.1
42 silly packumentCache full:https://registry.npmjs.org/cookie cache-miss
43 http fetch GET 200 https://registry.npmjs.org/qs 33ms (cache miss)
44 silly packumentCache full:https://registry.npmjs.org/qs set size:undefined disposed:false
45 silly fetch manifest accepts@~1.3.8
46 silly packumentCache full:https://registry.npmjs.org/accepts cache-miss
47 http fetch GET 200 https://registry.npmjs.org/vary 47ms (cache miss)
48 silly packumentCache full:https://registry.npmjs.org/vary set size:undefined disposed:false
49 silly fetch manifest methods@~1.1.2
50 silly packumentCache full:https://registry.npmjs.org/methods cache-miss
51 http fetch GET 200 https://registry.npmjs.org/fresh 56ms (cache miss)
52 silly packumentCache full:https://registry.npmjs.org/fresh set size:undefined disposed:false
53 silly fetch manifest type-is@~1.6.18
54 silly packumentCache full:https://registry.npmjs.org/type-is cache-miss
55 http fetch GET 200 https://registry.npmjs.org/cookie 30ms (cache miss)
56 silly packumentCache full:https://registry.npmjs.org/cookie set size:undefined disposed:false
57 silly fetch manifest parseurl@~1.3.3
58 silly packumentCache full:https://registry.npmjs.org/parseurl cache-miss
59 http fetch GET 200 https://registry.npmjs.org/etag 61ms (cache miss)
60 silly packumentCache full:https://registry.npmjs.org/etag set size:undefined disposed:false
61 silly fetch manifest statuses@~2.0.1
62 silly packumentCache full:https://registry.npmjs.org/statuses cache-miss
63 http fetch GET 200 https://registry.npmjs.org/accepts 28ms (cache miss)
64 silly packumentCache full:https://registry.npmjs.org/accepts set size:undefined disposed:false
65 silly fetch manifest encodeurl@~2.0.0
66 silly packumentCache full:https://registry.npmjs.org/encodeurl cache-miss
67 http fetch GET 200 https://registry.npmjs.org/send 64ms (cache miss)
68 silly packumentCache full:https://registry.npmjs.org/send set size:undefined disposed:false
69 silly fetch manifest proxy-addr@~2.0.7
70 silly packumentCache full:https://registry.npmjs.org/proxy-addr cache-miss
71 http fetch GET 200 https://registry.npmjs.org/debug 66ms (cache miss)
72 silly packumentCache full:https://registry.npmjs.org/debug set size:undefined disposed:false
73 silly fetch manifest body-parser@~1.20.5
74 silly packumentCache full:https://registry.npmjs.org/body-parser cache-miss
75 http fetch GET 200 https://registry.npmjs.org/methods 22ms (cache miss)
76 silly packumentCache full:https://registry.npmjs.org/methods set size:undefined disposed:false
77 silly fetch manifest escape-html@~1.0.3
78 silly packumentCache full:https://registry.npmjs.org/escape-html cache-miss
79 http fetch GET 200 https://registry.npmjs.org/type-is 21ms (cache miss)
80 silly packumentCache full:https://registry.npmjs.org/type-is set size:undefined disposed:false
81 silly fetch manifest http-errors@~2.0.0
82 silly packumentCache full:https://registry.npmjs.org/http-errors cache-miss
83 http fetch GET 200 https://registry.npmjs.org/parseurl 22ms (cache miss)
84 silly packumentCache full:https://registry.npmjs.org/parseurl set size:undefined disposed:false
85 silly fetch manifest on-finished@~2.4.1
86 silly packumentCache full:https://registry.npmjs.org/on-finished cache-miss
87 http fetch GET 200 https://registry.npmjs.org/statuses 22ms (cache miss)
88 silly packumentCache full:https://registry.npmjs.org/statuses set size:undefined disposed:false
89 silly fetch manifest safe-buffer@5.2.1
90 silly packumentCache full:https://registry.npmjs.org/safe-buffer cache-miss
91 http fetch GET 200 https://registry.npmjs.org/encodeurl 21ms (cache miss)
92 silly packumentCache full:https://registry.npmjs.org/encodeurl set size:undefined disposed:false
93 silly fetch manifest utils-merge@1.0.1
94 silly packumentCache full:https://registry.npmjs.org/utils-merge cache-miss
95 http fetch GET 200 https://registry.npmjs.org/proxy-addr 21ms (cache miss)
96 silly packumentCache full:https://registry.npmjs.org/proxy-addr set size:undefined disposed:false
97 silly fetch manifest content-type@~1.0.4
98 silly packumentCache full:https://registry.npmjs.org/content-type cache-miss
99 http fetch GET 200 https://registry.npmjs.org/escape-html 18ms (cache miss)
100 silly packumentCache full:https://registry.npmjs.org/escape-html set size:undefined disposed:false
101 silly fetch manifest finalhandler@~1.3.1
102 silly packumentCache full:https://registry.npmjs.org/finalhandler cache-miss
103 http fetch GET 200 https://registry.npmjs.org/body-parser 30ms (cache miss)
104 silly packumentCache full:https://registry.npmjs.org/body-parser set size:undefined disposed:false
105 silly fetch manifest range-parser@~1.2.1
106 silly packumentCache full:https://registry.npmjs.org/range-parser cache-miss
107 http fetch GET 200 https://registry.npmjs.org/on-finished 20ms (cache miss)
108 silly packumentCache full:https://registry.npmjs.org/on-finished set size:undefined disposed:false
109 silly fetch manifest serve-static@~1.16.2
110 silly packumentCache full:https://registry.npmjs.org/serve-static cache-miss
111 http fetch GET 200 https://registry.npmjs.org/http-errors 23ms (cache miss)
112 silly packumentCache full:https://registry.npmjs.org/http-errors set size:undefined disposed:false
113 silly fetch manifest array-flatten@1.1.1
114 silly packumentCache full:https://registry.npmjs.org/array-flatten cache-miss
115 http fetch GET 200 https://registry.npmjs.org/safe-buffer 25ms (cache miss)
116 silly packumentCache full:https://registry.npmjs.org/safe-buffer set size:undefined disposed:false
117 silly fetch manifest path-to-regexp@~0.1.13
118 silly packumentCache full:https://registry.npmjs.org/path-to-regexp cache-miss
119 http fetch GET 200 https://registry.npmjs.org/utils-merge 24ms (cache miss)
120 silly packumentCache full:https://registry.npmjs.org/utils-merge set size:undefined disposed:false
121 silly fetch manifest setprototypeof@1.2.0
122 silly packumentCache full:https://registry.npmjs.org/setprototypeof cache-miss
123 http fetch GET 200 https://registry.npmjs.org/content-type 23ms (cache miss)
124 silly packumentCache full:https://registry.npmjs.org/content-type set size:undefined disposed:false
125 silly fetch manifest cookie-signature@~1.0.6
126 silly packumentCache full:https://registry.npmjs.org/cookie-signature cache-miss
127 http fetch GET 200 https://registry.npmjs.org/finalhandler 23ms (cache miss)
128 silly packumentCache full:https://registry.npmjs.org/finalhandler set size:undefined disposed:false
129 silly fetch manifest merge-descriptors@1.0.3
130 silly packumentCache full:https://registry.npmjs.org/merge-descriptors cache-miss
131 http fetch GET 200 https://registry.npmjs.org/range-parser 19ms (cache miss)
132 silly packumentCache full:https://registry.npmjs.org/range-parser set size:undefined disposed:false
133 silly fetch manifest content-disposition@~0.5.4
134 silly packumentCache full:https://registry.npmjs.org/content-disposition cache-miss
135 http fetch GET 200 https://registry.npmjs.org/array-flatten 21ms (cache miss)
136 silly packumentCache full:https://registry.npmjs.org/array-flatten set size:undefined disposed:false
137 silly fetch manifest cors@~2.8.5
138 silly packumentCache full:https://registry.npmjs.org/cors cache-miss
139 http fetch GET 200 https://registry.npmjs.org/serve-static 25ms (cache miss)
140 silly packumentCache full:https://registry.npmjs.org/serve-static set size:undefined disposed:false
141 silly fetch manifest debug@~4.4.1
142 silly packumentCache full:https://registry.npmjs.org/debug cache-miss
143 http cache https://registry.npmjs.org/debug 3ms (cache hit)
144 silly packumentCache full:https://registry.npmjs.org/debug set size:195840 disposed:false
145 silly fetch manifest accepts@~1.3.4
146 silly packumentCache full:https://registry.npmjs.org/accepts cache-miss
147 http cache https://registry.npmjs.org/accepts 3ms (cache hit)
148 silly packumentCache full:https://registry.npmjs.org/accepts set size:77054 disposed:false
149 silly fetch manifest engine.io@~6.6.0
150 silly packumentCache full:https://registry.npmjs.org/engine.io cache-miss
151 http fetch GET 200 https://registry.npmjs.org/setprototypeof 30ms (cache miss)
152 silly packumentCache full:https://registry.npmjs.org/setprototypeof set size:undefined disposed:false
153 silly fetch manifest socket.io-parser@~4.2.4
154 silly packumentCache full:https://registry.npmjs.org/socket.io-parser cache-miss
155 http fetch GET 200 https://registry.npmjs.org/merge-descriptors 27ms (cache miss)
156 silly packumentCache full:https://registry.npmjs.org/merge-descriptors set size:undefined disposed:false
157 silly fetch manifest socket.io-adapter@~2.5.2
158 silly packumentCache full:https://registry.npmjs.org/socket.io-adapter cache-miss
159 http fetch GET 200 https://registry.npmjs.org/content-disposition 26ms (cache miss)
160 silly packumentCache full:https://registry.npmjs.org/content-disposition set size:undefined disposed:false
161 http fetch GET 200 https://registry.npmjs.org/path-to-regexp 36ms (cache miss)
162 silly packumentCache full:https://registry.npmjs.org/path-to-regexp set size:undefined disposed:false
163 http fetch GET 200 https://registry.npmjs.org/cors 23ms (cache miss)
164 silly packumentCache full:https://registry.npmjs.org/cors set size:undefined disposed:false
165 http fetch GET 200 https://registry.npmjs.org/socket.io-adapter 26ms (cache miss)
166 silly packumentCache full:https://registry.npmjs.org/socket.io-adapter set size:undefined disposed:false
167 http fetch GET 200 https://registry.npmjs.org/engine.io 31ms (cache miss)
168 silly packumentCache full:https://registry.npmjs.org/engine.io set size:undefined disposed:false
169 http fetch GET 200 https://registry.npmjs.org/socket.io-parser 30ms (cache miss)
170 silly packumentCache full:https://registry.npmjs.org/socket.io-parser set size:undefined disposed:false
171 http fetch GET 200 https://registry.npmjs.org/cookie-signature 296ms (cache miss)
172 silly packumentCache full:https://registry.npmjs.org/cookie-signature set size:undefined disposed:false
173 silly placeDep ROOT accepts@1.3.8 OK for: express@4.22.3 want: ~1.3.8
174 silly placeDep ROOT array-flatten@1.1.1 OK for: express@4.22.3 want: 1.1.1
175 silly placeDep ROOT body-parser@1.20.8 OK for: express@4.22.3 want: ~1.20.5
176 silly placeDep ROOT content-disposition@0.5.4 OK for: express@4.22.3 want: ~0.5.4
177 silly placeDep ROOT content-type@1.0.5 OK for: express@4.22.3 want: ~1.0.4
178 silly placeDep ROOT cookie@0.7.2 OK for: express@4.22.3 want: ~0.7.1
179 silly placeDep ROOT cookie-signature@1.0.7 OK for: express@4.22.3 want: ~1.0.6
180 silly placeDep ROOT debug@2.6.9 OK for: express@4.22.3 want: 2.6.9
181 silly placeDep ROOT depd@2.0.0 OK for: express@4.22.3 want: 2.0.0
182 silly placeDep ROOT encodeurl@2.0.0 OK for: express@4.22.3 want: ~2.0.0
183 silly placeDep ROOT escape-html@1.0.3 OK for: express@4.22.3 want: ~1.0.3
184 silly placeDep ROOT etag@1.8.1 OK for: express@4.22.3 want: ~1.8.1
185 silly placeDep ROOT finalhandler@1.3.2 OK for: express@4.22.3 want: ~1.3.1
186 silly placeDep ROOT fresh@0.5.2 OK for: express@4.22.3 want: ~0.5.2
187 silly placeDep ROOT http-errors@2.0.1 OK for: express@4.22.3 want: ~2.0.0
188 silly placeDep ROOT merge-descriptors@1.0.3 OK for: express@4.22.3 want: 1.0.3
189 silly placeDep ROOT methods@1.1.2 OK for: express@4.22.3 want: ~1.1.2
190 silly placeDep ROOT on-finished@2.4.1 OK for: express@4.22.3 want: ~2.4.1
191 silly placeDep ROOT parseurl@1.3.3 OK for: express@4.22.3 want: ~1.3.3
192 silly placeDep ROOT path-to-regexp@0.1.13 OK for: express@4.22.3 want: ~0.1.13
193 silly placeDep ROOT proxy-addr@2.0.8 OK for: express@4.22.3 want: ~2.0.7
194 silly placeDep ROOT qs@6.16.0 OK for: express@4.22.3 want: ~6.16.0
195 silly placeDep ROOT range-parser@1.2.1 OK for: express@4.22.3 want: ~1.2.1
196 silly placeDep ROOT safe-buffer@5.2.1 OK for: express@4.22.3 want: 5.2.1
197 silly placeDep ROOT send@0.19.2 OK for: express@4.22.3 want: ~0.19.0
198 silly placeDep ROOT serve-static@1.16.3 OK for: express@4.22.3 want: ~1.16.2
199 silly placeDep ROOT setprototypeof@1.2.0 OK for: express@4.22.3 want: 1.2.0
200 silly placeDep ROOT statuses@2.0.2 OK for: express@4.22.3 want: ~2.0.1
201 silly placeDep ROOT type-is@1.6.18 OK for: express@4.22.3 want: ~1.6.18
202 silly placeDep ROOT utils-merge@1.0.1 OK for: express@4.22.3 want: 1.0.1
203 silly placeDep ROOT vary@1.1.2 OK for: express@4.22.3 want: ~1.1.2
204 silly fetch manifest mime-types@~2.1.34
205 silly packumentCache full:https://registry.npmjs.org/mime-types cache-miss
206 silly fetch manifest negotiator@0.6.3
207 silly packumentCache full:https://registry.npmjs.org/negotiator cache-miss
208 silly fetch manifest bytes@~3.1.2
209 silly packumentCache full:https://registry.npmjs.org/bytes cache-miss
210 silly fetch manifest unpipe@~1.0.0
211 silly packumentCache full:https://registry.npmjs.org/unpipe cache-miss
212 silly fetch manifest destroy@~1.2.0
213 silly packumentCache full:https://registry.npmjs.org/destroy cache-miss
214 silly fetch manifest raw-body@~2.5.3
215 silly packumentCache full:https://registry.npmjs.org/raw-body cache-miss
216 silly fetch manifest iconv-lite@~0.4.24
217 silly packumentCache full:https://registry.npmjs.org/iconv-lite cache-miss
218 http fetch GET 200 https://registry.npmjs.org/unpipe 22ms (cache miss)
219 silly packumentCache full:https://registry.npmjs.org/unpipe set size:undefined disposed:false
220 silly fetch manifest http-errors@~2.0.1
221 silly packumentCache full:https://registry.npmjs.org/http-errors cache-miss
222 http fetch GET 200 https://registry.npmjs.org/bytes 30ms (cache miss)
223 silly packumentCache full:https://registry.npmjs.org/bytes set size:undefined disposed:false
224 silly fetch manifest content-type@~1.0.5
225 silly packumentCache full:https://registry.npmjs.org/content-type cache-miss
226 http fetch GET 200 https://registry.npmjs.org/destroy 31ms (cache miss)
227 silly packumentCache full:https://registry.npmjs.org/destroy set size:undefined disposed:false
228 silly fetch manifest ms@2.0.0
229 silly packumentCache full:https://registry.npmjs.org/ms cache-miss
230 http fetch GET 200 https://registry.npmjs.org/negotiator 34ms (cache miss)
231 silly packumentCache full:https://registry.npmjs.org/negotiator set size:undefined disposed:false
232 silly fetch manifest statuses@~2.0.2
233 silly packumentCache full:https://registry.npmjs.org/statuses cache-miss
234 http cache https://registry.npmjs.org/http-errors 12ms (cache hit)
235 silly packumentCache full:https://registry.npmjs.org/http-errors set size:71987 disposed:false
236 silly fetch manifest inherits@~2.0.4
237 silly packumentCache full:https://registry.npmjs.org/inherits cache-miss
238 http fetch GET 200 https://registry.npmjs.org/mime-types 39ms (cache miss)
239 silly packumentCache full:https://registry.npmjs.org/mime-types set size:undefined disposed:false
240 silly fetch manifest setprototypeof@~1.2.0
241 silly packumentCache full:https://registry.npmjs.org/setprototypeof cache-miss
242 http fetch GET 200 https://registry.npmjs.org/iconv-lite 38ms (cache miss)
243 silly packumentCache full:https://registry.npmjs.org/iconv-lite set size:undefined disposed:false
244 silly fetch manifest statuses@~2.0.2
245 silly packumentCache full:https://registry.npmjs.org/statuses cache-miss
246 http fetch GET 200 https://registry.npmjs.org/raw-body 39ms (cache miss)
247 silly packumentCache full:https://registry.npmjs.org/raw-body set size:undefined disposed:false
248 silly fetch manifest toidentifier@~1.0.1
249 silly packumentCache full:https://registry.npmjs.org/toidentifier cache-miss
250 http cache https://registry.npmjs.org/content-type 11ms (cache hit)
251 silly packumentCache full:https://registry.npmjs.org/content-type set size:29578 disposed:false
252 silly fetch manifest ee-first@1.1.1
253 silly packumentCache full:https://registry.npmjs.org/ee-first cache-miss
254 http cache https://registry.npmjs.org/statuses 10ms (cache hit)
255 silly packumentCache full:https://registry.npmjs.org/statuses set size:37117 disposed:false
256 silly fetch manifest forwarded@0.2.0
257 silly packumentCache full:https://registry.npmjs.org/forwarded cache-miss
258 http cache https://registry.npmjs.org/statuses 6ms (cache hit)
259 silly packumentCache full:https://registry.npmjs.org/statuses set size:37117 disposed:false
260 silly packumentCache full:https://registry.npmjs.org/statuses dispose
261 silly fetch manifest ipaddr.js@1.9.1
262 silly packumentCache full:https://registry.npmjs.org/ipaddr.js cache-miss
263 http cache https://registry.npmjs.org/setprototypeof 9ms (cache hit)
264 silly packumentCache full:https://registry.npmjs.org/setprototypeof set size:14532 disposed:false
265 silly fetch manifest side-channel@^1.1.1
266 silly packumentCache full:https://registry.npmjs.org/side-channel cache-miss
267 http fetch GET 200 https://registry.npmjs.org/ms 23ms (cache miss)
268 silly packumentCache full:https://registry.npmjs.org/ms set size:undefined disposed:false
269 silly fetch manifest es-define-property@^1.0.1
270 silly packumentCache full:https://registry.npmjs.org/es-define-property cache-miss
271 http fetch GET 200 https://registry.npmjs.org/inherits 23ms (cache miss)
272 silly packumentCache full:https://registry.npmjs.org/inherits set size:undefined disposed:false
273 silly fetch manifest ms@2.1.3
274 silly packumentCache full:https://registry.npmjs.org/ms cache-miss
275 http cache https://registry.npmjs.org/ms 1ms (cache hit)
276 silly packumentCache full:https://registry.npmjs.org/ms set size:92208 disposed:false
277 silly fetch manifest mime@1.6.0
278 silly packumentCache full:https://registry.npmjs.org/mime cache-miss
279 http fetch GET 200 https://registry.npmjs.org/ee-first 20ms (cache miss)
280 silly packumentCache full:https://registry.npmjs.org/ee-first set size:undefined disposed:false
281 silly fetch manifest destroy@1.2.0
282 silly packumentCache full:https://registry.npmjs.org/destroy cache-miss
283 http cache https://registry.npmjs.org/destroy 1ms (cache hit)
284 silly packumentCache full:https://registry.npmjs.org/destroy set size:15738 disposed:false
285 silly fetch manifest mime-types@~2.1.24
286 silly packumentCache full:https://registry.npmjs.org/mime-types cache-miss
287 http cache https://registry.npmjs.org/mime-types 3ms (cache hit)
288 silly packumentCache full:https://registry.npmjs.org/mime-types set size:139110 disposed:false
289 silly fetch manifest media-typer@0.3.0
290 silly packumentCache full:https://registry.npmjs.org/media-typer cache-miss
291 http fetch GET 200 https://registry.npmjs.org/toidentifier 29ms (cache miss)
292 silly packumentCache full:https://registry.npmjs.org/toidentifier set size:undefined disposed:false
293 http fetch GET 200 https://registry.npmjs.org/forwarded 27ms (cache miss)
294 silly packumentCache full:https://registry.npmjs.org/forwarded set size:undefined disposed:false
295 http fetch GET 200 https://registry.npmjs.org/side-channel 25ms (cache miss)
296 silly packumentCache full:https://registry.npmjs.org/side-channel set size:undefined disposed:false
297 http fetch GET 200 https://registry.npmjs.org/ipaddr.js 27ms (cache miss)
298 silly packumentCache full:https://registry.npmjs.org/ipaddr.js set size:undefined disposed:false
299 http fetch GET 200 https://registry.npmjs.org/es-define-property 21ms (cache miss)
300 silly packumentCache full:https://registry.npmjs.org/es-define-property set size:undefined disposed:false
301 http fetch GET 200 https://registry.npmjs.org/mime 22ms (cache miss)
302 silly packumentCache full:https://registry.npmjs.org/mime set size:undefined disposed:false
303 http fetch GET 200 https://registry.npmjs.org/media-typer 18ms (cache miss)
304 silly packumentCache full:https://registry.npmjs.org/media-typer set size:undefined disposed:false
305 silly placeDep ROOT mime-types@2.1.35 OK for: accepts@1.3.8 want: ~2.1.34
306 silly placeDep ROOT negotiator@0.6.3 OK for: accepts@1.3.8 want: 0.6.3
307 silly fetch manifest mime-db@1.52.0
308 silly packumentCache full:https://registry.npmjs.org/mime-db cache-miss
309 http fetch GET 200 https://registry.npmjs.org/mime-db 24ms (cache miss)
310 silly packumentCache full:https://registry.npmjs.org/mime-db set size:undefined disposed:false
311 silly placeDep ROOT bytes@3.1.2 OK for: body-parser@1.20.8 want: ~3.1.2
312 silly placeDep ROOT destroy@1.2.0 OK for: body-parser@1.20.8 want: ~1.2.0
313 silly placeDep ROOT iconv-lite@0.4.24 OK for: body-parser@1.20.8 want: ~0.4.24
314 silly placeDep ROOT raw-body@2.5.3 OK for: body-parser@1.20.8 want: ~2.5.3
315 silly placeDep ROOT unpipe@1.0.0 OK for: body-parser@1.20.8 want: ~1.0.0
316 silly fetch manifest safer-buffer@>= 2.1.2 < 3
317 silly packumentCache full:https://registry.npmjs.org/safer-buffer cache-miss
318 http fetch GET 200 https://registry.npmjs.org/safer-buffer 21ms (cache miss)
319 silly packumentCache full:https://registry.npmjs.org/safer-buffer set size:undefined disposed:false
320 silly placeDep ROOT ms@2.0.0 OK for: debug@2.6.9 want: 2.0.0
321 silly placeDep ROOT inherits@2.0.4 OK for: http-errors@2.0.1 want: ~2.0.4
322 silly placeDep ROOT toidentifier@1.0.1 OK for: http-errors@2.0.1 want: ~1.0.1
323 silly placeDep ROOT safer-buffer@2.1.2 OK for: iconv-lite@0.4.24 want: >= 2.1.2 < 3
324 silly placeDep ROOT mime-db@1.52.0 OK for: mime-types@2.1.35 want: 1.52.0
325 silly placeDep ROOT ee-first@1.1.1 OK for: on-finished@2.4.1 want: 1.1.1
326 silly placeDep ROOT forwarded@0.2.0 OK for: proxy-addr@2.0.8 want: 0.2.0
327 silly placeDep ROOT ipaddr.js@1.9.1 OK for: proxy-addr@2.0.8 want: 1.9.1
328 silly placeDep ROOT es-define-property@1.0.1 OK for: qs@6.16.0 want: ^1.0.1
329 silly placeDep ROOT side-channel@1.1.1 OK for: qs@6.16.0 want: ^1.1.1
330 silly fetch manifest es-errors@^1.3.0
331 silly packumentCache full:https://registry.npmjs.org/es-errors cache-miss
332 silly fetch manifest object-inspect@^1.13.4
333 silly packumentCache full:https://registry.npmjs.org/object-inspect cache-miss
334 silly fetch manifest side-channel-list@^1.0.1
335 silly packumentCache full:https://registry.npmjs.org/side-channel-list cache-miss
336 silly fetch manifest side-channel-map@^1.0.1
337 silly packumentCache full:https://registry.npmjs.org/side-channel-map cache-miss
338 silly fetch manifest side-channel-weakmap@^1.0.2
339 silly packumentCache full:https://registry.npmjs.org/side-channel-weakmap cache-miss
340 http fetch GET 200 https://registry.npmjs.org/es-errors 347ms (cache miss)
341 silly packumentCache full:https://registry.npmjs.org/es-errors set size:undefined disposed:false
342 http fetch GET 200 https://registry.npmjs.org/side-channel-list 347ms (cache miss)
343 silly packumentCache full:https://registry.npmjs.org/side-channel-list set size:undefined disposed:false
344 http fetch GET 200 https://registry.npmjs.org/side-channel-weakmap 348ms (cache miss)
345 silly packumentCache full:https://registry.npmjs.org/side-channel-weakmap set size:undefined disposed:false
346 http fetch GET 200 https://registry.npmjs.org/side-channel-map 349ms (cache miss)
347 silly packumentCache full:https://registry.npmjs.org/side-channel-map set size:undefined disposed:false
348 http fetch GET 200 https://registry.npmjs.org/object-inspect 350ms (cache miss)
349 silly packumentCache full:https://registry.npmjs.org/object-inspect set size:undefined disposed:false
350 silly placeDep ROOT mime@1.6.0 OK for: send@0.19.2 want: 1.6.0
351 silly placeDep node_modules/send ms@2.1.3 OK for: send@0.19.2 want: 2.1.3
352 silly placeDep ROOT es-errors@1.3.0 OK for: side-channel@1.1.1 want: ^1.3.0
353 silly placeDep ROOT object-inspect@1.13.4 OK for: side-channel@1.1.1 want: ^1.13.4
354 silly placeDep ROOT side-channel-list@1.0.1 OK for: side-channel@1.1.1 want: ^1.0.1
355 silly placeDep ROOT side-channel-map@1.0.1 OK for: side-channel@1.1.1 want: ^1.0.1
356 silly placeDep ROOT side-channel-weakmap@1.0.2 OK for: side-channel@1.1.1 want: ^1.0.2
357 silly fetch manifest call-bound@^1.0.2
358 silly packumentCache full:https://registry.npmjs.org/call-bound cache-miss
359 silly fetch manifest get-intrinsic@^1.2.5
360 silly packumentCache full:https://registry.npmjs.org/get-intrinsic cache-miss
361 silly fetch manifest call-bound@^1.0.2
362 silly packumentCache full:https://registry.npmjs.org/call-bound cache-miss
363 silly fetch manifest get-intrinsic@^1.2.5
364 silly packumentCache full:https://registry.npmjs.org/get-intrinsic cache-miss
365 http fetch GET 200 https://registry.npmjs.org/call-bound 274ms (cache miss)
366 silly packumentCache full:https://registry.npmjs.org/call-bound set size:undefined disposed:false
367 http fetch GET 200 https://registry.npmjs.org/call-bound 281ms (cache miss)
368 silly packumentCache full:https://registry.npmjs.org/call-bound set size:undefined disposed:false
369 http fetch GET 200 https://registry.npmjs.org/get-intrinsic 301ms (cache miss)
370 silly packumentCache full:https://registry.npmjs.org/get-intrinsic set size:undefined disposed:false
371 http fetch GET 200 https://registry.npmjs.org/get-intrinsic 301ms (cache miss)
372 silly packumentCache full:https://registry.npmjs.org/get-intrinsic set size:undefined disposed:false
373 silly placeDep ROOT call-bound@1.0.4 OK for: side-channel-map@1.0.1 want: ^1.0.2
374 silly placeDep ROOT get-intrinsic@1.3.0 OK for: side-channel-map@1.0.1 want: ^1.2.5
375 silly fetch manifest call-bind-apply-helpers@^1.0.2
376 silly packumentCache full:https://registry.npmjs.org/call-bind-apply-helpers cache-miss
377 silly fetch manifest get-intrinsic@^1.3.0
378 silly packumentCache full:https://registry.npmjs.org/get-intrinsic cache-miss
379 silly fetch manifest gopd@^1.2.0
380 silly packumentCache full:https://registry.npmjs.org/gopd cache-miss
381 silly fetch manifest hasown@^2.0.2
382 silly packumentCache full:https://registry.npmjs.org/hasown cache-miss
383 silly fetch manifest get-proto@^1.0.1
384 silly packumentCache full:https://registry.npmjs.org/get-proto cache-miss
385 silly fetch manifest has-symbols@^1.1.0
386 silly packumentCache full:https://registry.npmjs.org/has-symbols cache-miss
387 silly fetch manifest function-bind@^1.1.2
388 silly packumentCache full:https://registry.npmjs.org/function-bind cache-miss
389 http cache https://registry.npmjs.org/get-intrinsic 7ms (cache hit)
390 silly packumentCache full:https://registry.npmjs.org/get-intrinsic set size:60985 disposed:false
391 silly fetch manifest es-object-atoms@^1.1.1
392 silly packumentCache full:https://registry.npmjs.org/es-object-atoms cache-miss
393 http fetch GET 200 https://registry.npmjs.org/call-bind-apply-helpers 273ms (cache miss)
394 silly packumentCache full:https://registry.npmjs.org/call-bind-apply-helpers set size:undefined disposed:false
395 silly fetch manifest math-intrinsics@^1.1.0
396 silly packumentCache full:https://registry.npmjs.org/math-intrinsics cache-miss
397 http fetch GET 200 https://registry.npmjs.org/has-symbols 283ms (cache miss)
398 silly packumentCache full:https://registry.npmjs.org/has-symbols set size:undefined disposed:false
399 http fetch GET 200 https://registry.npmjs.org/gopd 285ms (cache miss)
400 silly packumentCache full:https://registry.npmjs.org/gopd set size:undefined disposed:false
401 http fetch GET 200 https://registry.npmjs.org/hasown 286ms (cache miss)
402 silly packumentCache full:https://registry.npmjs.org/hasown set size:undefined disposed:false
403 http fetch GET 200 https://registry.npmjs.org/function-bind 289ms (cache miss)
404 silly packumentCache full:https://registry.npmjs.org/function-bind set size:undefined disposed:false
405 http fetch GET 200 https://registry.npmjs.org/get-proto 293ms (cache miss)
406 silly packumentCache full:https://registry.npmjs.org/get-proto set size:undefined disposed:false
407 http fetch GET 200 https://registry.npmjs.org/es-object-atoms 290ms (cache miss)
408 silly packumentCache full:https://registry.npmjs.org/es-object-atoms set size:undefined disposed:false
409 http fetch GET 200 https://registry.npmjs.org/math-intrinsics 291ms (cache miss)
410 silly packumentCache full:https://registry.npmjs.org/math-intrinsics set size:undefined disposed:false
411 silly placeDep ROOT call-bind-apply-helpers@1.0.2 OK for: call-bound@1.0.4 want: ^1.0.2
412 silly placeDep ROOT function-bind@1.1.2 OK for: call-bind-apply-helpers@1.0.2 want: ^1.1.2
413 silly placeDep ROOT es-object-atoms@1.1.2 OK for: get-intrinsic@1.3.0 want: ^1.1.1
414 silly placeDep ROOT get-proto@1.0.1 OK for: get-intrinsic@1.3.0 want: ^1.0.1
415 silly placeDep ROOT gopd@1.2.0 OK for: get-intrinsic@1.3.0 want: ^1.2.0
416 silly placeDep ROOT has-symbols@1.1.0 OK for: get-intrinsic@1.3.0 want: ^1.1.0
417 silly placeDep ROOT hasown@2.0.4 OK for: get-intrinsic@1.3.0 want: ^2.0.2
418 silly placeDep ROOT math-intrinsics@1.1.0 OK for: get-intrinsic@1.3.0 want: ^1.1.0
419 silly fetch manifest dunder-proto@^1.0.1
420 silly packumentCache full:https://registry.npmjs.org/dunder-proto cache-miss
421 http fetch GET 200 https://registry.npmjs.org/dunder-proto 437ms (cache miss)
422 silly packumentCache full:https://registry.npmjs.org/dunder-proto set size:undefined disposed:false
423 silly placeDep ROOT dunder-proto@1.0.1 OK for: get-proto@1.0.1 want: ^1.0.1
424 silly placeDep ROOT cors@2.8.6 OK for: socket.io@4.8.4 want: ~2.8.5
425 silly placeDep node_modules/socket.io debug@4.4.3 OK for: socket.io@4.8.4 want: ~4.4.1
426 silly placeDep ROOT engine.io@6.6.11 OK for: socket.io@4.8.4 want: ~6.6.0
427 silly placeDep ROOT socket.io-adapter@2.5.8 OK for: socket.io@4.8.4 want: ~2.5.2
428 silly placeDep ROOT socket.io-parser@4.2.7 OK for: socket.io@4.8.4 want: ~4.2.4
429 silly fetch manifest object-assign@^4
430 silly packumentCache full:https://registry.npmjs.org/object-assign cache-miss
431 silly fetch manifest ms@^2.1.3
432 silly packumentCache full:https://registry.npmjs.org/ms cache-hit
433 silly fetch manifest ws@~8.21.0
434 silly packumentCache full:https://registry.npmjs.org/ws cache-miss
435 silly fetch manifest @types/ws@^8.5.12
436 silly packumentCache full:https://registry.npmjs.org/@types%2fws cache-miss
437 silly fetch manifest @types/cors@^2.8.12
438 silly packumentCache full:https://registry.npmjs.org/@types%2fcors cache-miss
439 silly fetch manifest @types/node@>=10.0.0
440 silly packumentCache full:https://registry.npmjs.org/@types%2fnode cache-miss
441 silly fetch manifest engine.io-parser@~5.2.1
442 silly packumentCache full:https://registry.npmjs.org/engine.io-parser cache-miss
443 silly fetch manifest ws@~8.21.0
444 silly packumentCache full:https://registry.npmjs.org/ws cache-miss
445 http fetch GET 200 https://registry.npmjs.org/object-assign 22ms (cache miss)
446 silly packumentCache full:https://registry.npmjs.org/object-assign set size:undefined disposed:false
447 silly fetch manifest @socket.io/component-emitter@~3.1.0
448 silly packumentCache full:https://registry.npmjs.org/@socket.io%2fcomponent-emitter cache-miss
449 http fetch GET 200 https://registry.npmjs.org/engine.io-parser 27ms (cache miss)
450 silly packumentCache full:https://registry.npmjs.org/engine.io-parser set size:undefined disposed:false
451 http fetch GET 200 https://registry.npmjs.org/@types%2fws 30ms (cache miss)
452 silly packumentCache full:https://registry.npmjs.org/@types%2fws set size:undefined disposed:false
453 http fetch GET 200 https://registry.npmjs.org/@types%2fcors 33ms (cache miss)
454 silly packumentCache full:https://registry.npmjs.org/@types%2fcors set size:undefined disposed:false
455 http fetch GET 200 https://registry.npmjs.org/ws 34ms (cache miss)
456 silly packumentCache full:https://registry.npmjs.org/ws set size:undefined disposed:false
457 http fetch GET 200 https://registry.npmjs.org/ws 39ms (cache miss)
458 silly packumentCache full:https://registry.npmjs.org/ws set size:undefined disposed:false
459 http fetch GET 200 https://registry.npmjs.org/@socket.io%2fcomponent-emitter 26ms (cache miss)
460 silly packumentCache full:https://registry.npmjs.org/@socket.io%2fcomponent-emitter set size:undefined disposed:false
461 http fetch GET 200 https://registry.npmjs.org/@types%2fnode 257ms (cache miss)
462 silly packumentCache full:https://registry.npmjs.org/@types%2fnode set size:undefined disposed:false
463 silly placeDep ROOT object-assign@4.1.1 OK for: cors@2.8.6 want: ^4
464 silly fetch manifest bufferutil@^4.0.1
465 silly packumentCache full:https://registry.npmjs.org/bufferutil cache-miss
466 http fetch GET 200 https://registry.npmjs.org/bufferutil 27ms (cache miss)
467 silly packumentCache full:https://registry.npmjs.org/bufferutil set size:undefined disposed:false
468 silly fetch manifest utf-8-validate@>=5.0.2
469 silly packumentCache full:https://registry.npmjs.org/utf-8-validate cache-miss
470 http fetch GET 200 https://registry.npmjs.org/utf-8-validate 23ms (cache miss)
471 silly packumentCache full:https://registry.npmjs.org/utf-8-validate set size:undefined disposed:false
472 silly placeDep ROOT @types/cors@2.8.19 OK for: engine.io@6.6.11 want: ^2.8.12
473 silly placeDep ROOT @types/node@26.6.4 OK for: engine.io@6.6.11 want: >=10.0.0
474 silly placeDep ROOT @types/ws@8.18.2 OK for: engine.io@6.6.11 want: ^8.5.12
475 silly placeDep node_modules/engine.io debug@4.4.3 OK for: engine.io@6.6.11 want: ~4.4.1
476 silly placeDep ROOT engine.io-parser@5.2.3 OK for: engine.io@6.6.11 want: ~5.2.1
477 silly placeDep ROOT ws@8.21.3 OK for: engine.io@6.6.11 want: ~8.21.0
478 silly fetch manifest @types/node@*
479 silly packumentCache full:https://registry.npmjs.org/@types%2fnode cache-miss
480 silly fetch manifest undici-types@~8.9.0
481 silly packumentCache full:https://registry.npmjs.org/undici-types cache-miss
482 http cache https://registry.npmjs.org/@types%2fnode 13ms (cache hit)
483 silly packumentCache full:https://registry.npmjs.org/@types%2fnode set size:11171832 disposed:false
484 http fetch GET 200 https://registry.npmjs.org/undici-types 57ms (cache miss)
485 silly packumentCache full:https://registry.npmjs.org/undici-types set size:undefined disposed:false
486 silly placeDep ROOT undici-types@8.9.0 OK for: @types/node@26.6.4 want: ~8.9.0
487 silly placeDep node_modules/socket.io-adapter debug@4.4.3 OK for: socket.io-adapter@2.5.8 want: ~4.4.1
488 silly placeDep ROOT @socket.io/component-emitter@3.1.2 OK for: socket.io-parser@4.2.7 want: ~3.1.0
489 silly placeDep node_modules/socket.io-parser debug@4.4.3 OK for: socket.io-parser@4.2.7 want: ~4.4.1
490 silly placeDep ROOT media-typer@0.3.0 OK for: type-is@1.6.18 want: 0.3.0
491 silly placeDep node_modules/engine.io ms@2.1.3 OK for: debug@4.4.3 want: ^2.1.3
492 silly placeDep node_modules/socket.io-adapter ms@2.1.3 OK for: debug@4.4.3 want: ^2.1.3
493 silly placeDep node_modules/socket.io-parser ms@2.1.3 OK for: debug@4.4.3 want: ^2.1.3
494 silly placeDep node_modules/socket.io ms@2.1.3 OK for: debug@4.4.3 want: ^2.1.3
495 silly reify moves {}
496 silly audit bulk request {
496 silly audit   express: [ '4.22.3' ],
496 silly audit   'socket.io': [ '4.8.4' ],
496 silly audit   accepts: [ '1.3.8' ],
496 silly audit   'array-flatten': [ '1.1.1' ],
496 silly audit   'body-parser': [ '1.20.8' ],
496 silly audit   'content-disposition': [ '0.5.4' ],
496 silly audit   'content-type': [ '1.0.5' ],
496 silly audit   cookie: [ '0.7.2' ],
496 silly audit   'cookie-signature': [ '1.0.7' ],
496 silly audit   debug: [ '2.6.9', '4.4.3' ],
496 silly audit   depd: [ '2.0.0' ],
496 silly audit   encodeurl: [ '2.0.0' ],
496 silly audit   'escape-html': [ '1.0.3' ],
496 silly audit   etag: [ '1.8.1' ],
496 silly audit   finalhandler: [ '1.3.2' ],
496 silly audit   fresh: [ '0.5.2' ],
496 silly audit   'http-errors': [ '2.0.1' ],
496 silly audit   'merge-descriptors': [ '1.0.3' ],
496 silly audit   methods: [ '1.1.2' ],
496 silly audit   'on-finished': [ '2.4.1' ],
496 silly audit   parseurl: [ '1.3.3' ],
496 silly audit   'path-to-regexp': [ '0.1.13' ],
496 silly audit   'proxy-addr': [ '2.0.8' ],
496 silly audit   qs: [ '6.16.0' ],
496 silly audit   'range-parser': [ '1.2.1' ],
496 silly audit   'safe-buffer': [ '5.2.1' ],
496 silly audit   send: [ '0.19.2' ],
496 silly audit   'serve-static': [ '1.16.3' ],
496 silly audit   setprototypeof: [ '1.2.0' ],
496 silly audit   statuses: [ '2.0.2' ],
496 silly audit   'type-is': [ '1.6.18' ],
496 silly audit   'utils-merge': [ '1.0.1' ],
496 silly audit   vary: [ '1.1.2' ],
496 silly audit   'mime-types': [ '2.1.35' ],
496 silly audit   negotiator: [ '0.6.3' ],
496 silly audit   bytes: [ '3.1.2' ],
496 silly audit   destroy: [ '1.2.0' ],
496 silly audit   'iconv-lite': [ '0.4.24' ],
496 silly audit   'raw-body': [ '2.5.3' ],
496 silly audit   unpipe: [ '1.0.0' ],
496 silly audit   ms: [ '2.0.0', '2.1.3' ],
496 silly audit   inherits: [ '2.0.4' ],
496 silly audit   toidentifier: [ '1.0.1' ],
496 silly audit   'safer-buffer': [ '2.1.2' ],
496 silly audit   'mime-db': [ '1.52.0' ],
496 silly audit   'ee-first': [ '1.1.1' ],
496 silly audit   forwarded: [ '0.2.0' ],
496 silly audit   'ipaddr.js': [ '1.9.1' ],
496 silly audit   'es-define-property': [ '1.0.1' ],
496 silly audit   'side-channel': [ '1.1.1' ],
496 silly audit   mime: [ '1.6.0' ],
496 silly audit   'es-errors': [ '1.3.0' ],
496 silly audit   'object-inspect': [ '1.13.4' ],
496 silly audit   'side-channel-list': [ '1.0.1' ],
496 silly audit   'side-channel-map': [ '1.0.1' ],
496 silly audit   'side-channel-weakmap': [ '1.0.2' ],
496 silly audit   'call-bound': [ '1.0.4' ],
496 silly audit   'get-intrinsic': [ '1.3.0' ],
496 silly audit   'call-bind-apply-helpers': [ '1.0.2' ],
496 silly audit   'function-bind': [ '1.1.2' ],
496 silly audit   'es-object-atoms': [ '1.1.2' ],
496 silly audit   'get-proto': [ '1.0.1' ],
496 silly audit   gopd: [ '1.2.0' ],
496 silly audit   'has-symbols': [ '1.1.0' ],
496 silly audit   hasown: [ '2.0.4' ],
496 silly audit   'math-intrinsics': [ '1.1.0' ],
496 silly audit   'dunder-proto': [ '1.0.1' ],
496 silly audit   cors: [ '2.8.6' ],
496 silly audit   'engine.io': [ '6.6.11' ],
496 silly audit   'socket.io-adapter': [ '2.5.8' ],
496 silly audit   'socket.io-parser': [ '4.2.7' ],
496 silly audit   'object-assign': [ '4.1.1' ],
496 silly audit   '@types/cors': [ '2.8.19' ],
496 silly audit   '@types/node': [ '26.6.4' ],
496 silly audit   '@types/ws': [ '8.18.2' ],
496 silly audit   'engine.io-parser': [ '5.2.3' ],
496 silly audit   ws: [ '8.21.3' ],
496 silly audit   'undici-types': [ '8.9.0' ],
496 silly audit   '@socket.io/component-emitter': [ '3.1.2' ],
496 silly audit   'media-typer': [ '0.3.0' ]
496 silly audit }
497 http cache @socket.io/component-emitter@https://registry.npmjs.org/@socket.io/component-emitter/-/component-emitter-3.1.2.tgz 0ms (cache hit)
498 http cache media-typer@https://registry.npmjs.org/media-typer/-/media-typer-0.3.0.tgz 0ms (cache hit)
499 http cache undici-types@https://registry.npmjs.org/undici-types/-/undici-types-8.9.0.tgz 0ms (cache hit)
500 http cache engine.io-parser@https://registry.npmjs.org/engine.io-parser/-/engine.io-parser-5.2.3.tgz 0ms (cache hit)
501 http cache ws@https://registry.npmjs.org/ws/-/ws-8.21.3.tgz 0ms (cache hit)
502 http cache @types/ws@https://registry.npmjs.org/@types/ws/-/ws-8.18.2.tgz 0ms (cache hit)
503 http cache @types/cors@https://registry.npmjs.org/@types/cors/-/cors-2.8.19.tgz 0ms (cache hit)
504 http cache object-assign@https://registry.npmjs.org/object-assign/-/object-assign-4.1.1.tgz 0ms (cache hit)
505 http cache socket.io-parser@https://registry.npmjs.org/socket.io-parser/-/socket.io-parser-4.2.7.tgz 0ms (cache hit)
506 http cache socket.io-adapter@https://registry.npmjs.org/socket.io-adapter/-/socket.io-adapter-2.5.8.tgz 0ms (cache hit)
507 http cache engine.io@https://registry.npmjs.org/engine.io/-/engine.io-6.6.11.tgz 0ms (cache hit)
508 http cache cors@https://registry.npmjs.org/cors/-/cors-2.8.6.tgz 0ms (cache hit)
509 http cache hasown@https://registry.npmjs.org/hasown/-/hasown-2.0.4.tgz 0ms (cache hit)
510 http cache dunder-proto@https://registry.npmjs.org/dunder-proto/-/dunder-proto-1.0.1.tgz 0ms (cache hit)
511 http cache @types/node@https://registry.npmjs.org/@types/node/-/node-26.6.4.tgz 0ms (cache hit)
512 http cache math-intrinsics@https://registry.npmjs.org/math-intrinsics/-/math-intrinsics-1.1.0.tgz 0ms (cache hit)
513 http cache has-symbols@https://registry.npmjs.org/has-symbols/-/has-symbols-1.1.0.tgz 0ms (cache hit)
514 http cache gopd@https://registry.npmjs.org/gopd/-/gopd-1.2.0.tgz 0ms (cache hit)
515 http cache get-proto@https://registry.npmjs.org/get-proto/-/get-proto-1.0.1.tgz 0ms (cache hit)
516 http cache function-bind@https://registry.npmjs.org/function-bind/-/function-bind-1.1.2.tgz 0ms (cache hit)
517 http cache call-bind-apply-helpers@https://registry.npmjs.org/call-bind-apply-helpers/-/call-bind-apply-helpers-1.0.2.tgz 0ms (cache hit)
518 http cache get-intrinsic@https://registry.npmjs.org/get-intrinsic/-/get-intrinsic-1.3.0.tgz 0ms (cache hit)
519 http cache side-channel-weakmap@https://registry.npmjs.org/side-channel-weakmap/-/side-channel-weakmap-1.0.2.tgz 0ms (cache hit)
520 http cache side-channel-list@https://registry.npmjs.org/side-channel-list/-/side-channel-list-1.0.1.tgz 0ms (cache hit)
521 http cache call-bound@https://registry.npmjs.org/call-bound/-/call-bound-1.0.4.tgz 0ms (cache hit)
522 http cache object-inspect@https://registry.npmjs.org/object-inspect/-/object-inspect-1.13.4.tgz 0ms (cache hit)
523 http cache side-channel-map@https://registry.npmjs.org/side-channel-map/-/side-channel-map-1.0.1.tgz 0ms (cache hit)
524 http cache es-object-atoms@https://registry.npmjs.org/es-object-atoms/-/es-object-atoms-1.1.2.tgz 0ms (cache hit)
525 http cache mime@https://registry.npmjs.org/mime/-/mime-1.6.0.tgz 0ms (cache hit)
526 http cache es-errors@https://registry.npmjs.org/es-errors/-/es-errors-1.3.0.tgz 0ms (cache hit)
527 http cache side-channel@https://registry.npmjs.org/side-channel/-/side-channel-1.1.1.tgz 1ms (cache hit)
528 http cache es-define-property@https://registry.npmjs.org/es-define-property/-/es-define-property-1.0.1.tgz 0ms (cache hit)
529 http cache ipaddr.js@https://registry.npmjs.org/ipaddr.js/-/ipaddr.js-1.9.1.tgz 0ms (cache hit)
530 http cache forwarded@https://registry.npmjs.org/forwarded/-/forwarded-0.2.0.tgz 0ms (cache hit)
531 http cache ee-first@https://registry.npmjs.org/ee-first/-/ee-first-1.1.1.tgz 0ms (cache hit)
532 http cache mime-db@https://registry.npmjs.org/mime-db/-/mime-db-1.52.0.tgz 0ms (cache hit)
533 http cache safer-buffer@https://registry.npmjs.org/safer-buffer/-/safer-buffer-2.1.2.tgz 0ms (cache hit)
534 http cache toidentifier@https://registry.npmjs.org/toidentifier/-/toidentifier-1.0.1.tgz 0ms (cache hit)
535 http cache inherits@https://registry.npmjs.org/inherits/-/inherits-2.0.4.tgz 0ms (cache hit)
536 http cache ms@https://registry.npmjs.org/ms/-/ms-2.0.0.tgz 0ms (cache hit)
537 http cache unpipe@https://registry.npmjs.org/unpipe/-/unpipe-1.0.0.tgz 0ms (cache hit)
538 http cache destroy@https://registry.npmjs.org/destroy/-/destroy-1.2.0.tgz 0ms (cache hit)
539 http cache raw-body@https://registry.npmjs.org/raw-body/-/raw-body-2.5.3.tgz 0ms (cache hit)
540 http cache iconv-lite@https://registry.npmjs.org/iconv-lite/-/iconv-lite-0.4.24.tgz 0ms (cache hit)
541 http cache bytes@https://registry.npmjs.org/bytes/-/bytes-3.1.2.tgz 0ms (cache hit)
542 http cache negotiator@https://registry.npmjs.org/negotiator/-/negotiator-0.6.3.tgz 0ms (cache hit)
543 http cache mime-types@https://registry.npmjs.org/mime-types/-/mime-types-2.1.35.tgz 0ms (cache hit)
544 http cache vary@https://registry.npmjs.org/vary/-/vary-1.1.2.tgz 0ms (cache hit)
545 http cache utils-merge@https://registry.npmjs.org/utils-merge/-/utils-merge-1.0.1.tgz 0ms (cache hit)
546 http cache type-is@https://registry.npmjs.org/type-is/-/type-is-1.6.18.tgz 0ms (cache hit)
547 http cache statuses@https://registry.npmjs.org/statuses/-/statuses-2.0.2.tgz 0ms (cache hit)
548 http cache setprototypeof@https://registry.npmjs.org/setprototypeof/-/setprototypeof-1.2.0.tgz 0ms (cache hit)
549 http cache serve-static@https://registry.npmjs.org/serve-static/-/serve-static-1.16.3.tgz 0ms (cache hit)
550 http cache send@https://registry.npmjs.org/send/-/send-0.19.2.tgz 0ms (cache hit)
551 http cache safe-buffer@https://registry.npmjs.org/safe-buffer/-/safe-buffer-5.2.1.tgz 0ms (cache hit)
552 http cache range-parser@https://registry.npmjs.org/range-parser/-/range-parser-1.2.1.tgz 0ms (cache hit)
553 http cache qs@https://registry.npmjs.org/qs/-/qs-6.16.0.tgz 0ms (cache hit)
554 http cache parseurl@https://registry.npmjs.org/parseurl/-/parseurl-1.3.3.tgz 0ms (cache hit)
555 http cache path-to-regexp@https://registry.npmjs.org/path-to-regexp/-/path-to-regexp-0.1.13.tgz 0ms (cache hit)
556 http cache proxy-addr@https://registry.npmjs.org/proxy-addr/-/proxy-addr-2.0.8.tgz 0ms (cache hit)
557 http cache on-finished@https://registry.npmjs.org/on-finished/-/on-finished-2.4.1.tgz 0ms (cache hit)
558 http cache merge-descriptors@https://registry.npmjs.org/merge-descriptors/-/merge-descriptors-1.0.3.tgz 0ms (cache hit)
559 http cache fresh@https://registry.npmjs.org/fresh/-/fresh-0.5.2.tgz 0ms (cache hit)
560 http cache http-errors@https://registry.npmjs.org/http-errors/-/http-errors-2.0.1.tgz 0ms (cache hit)
561 http cache methods@https://registry.npmjs.org/methods/-/methods-1.1.2.tgz 0ms (cache hit)
562 http cache finalhandler@https://registry.npmjs.org/finalhandler/-/finalhandler-1.3.2.tgz 0ms (cache hit)
563 http cache etag@https://registry.npmjs.org/etag/-/etag-1.8.1.tgz 0ms (cache hit)
564 http cache escape-html@https://registry.npmjs.org/escape-html/-/escape-html-1.0.3.tgz 0ms (cache hit)
565 http cache encodeurl@https://registry.npmjs.org/encodeurl/-/encodeurl-2.0.0.tgz 0ms (cache hit)
566 http cache debug@https://registry.npmjs.org/debug/-/debug-2.6.9.tgz 0ms (cache hit)
567 http cache cookie-signature@https://registry.npmjs.org/cookie-signature/-/cookie-signature-1.0.7.tgz 0ms (cache hit)
568 http cache cookie@https://registry.npmjs.org/cookie/-/cookie-0.7.2.tgz 0ms (cache hit)
569 http cache content-type@https://registry.npmjs.org/content-type/-/content-type-1.0.5.tgz 0ms (cache hit)
570 http cache content-disposition@https://registry.npmjs.org/content-disposition/-/content-disposition-0.5.4.tgz 0ms (cache hit)
571 http cache body-parser@https://registry.npmjs.org/body-parser/-/body-parser-1.20.8.tgz 0ms (cache hit)
572 http cache array-flatten@https://registry.npmjs.org/array-flatten/-/array-flatten-1.1.1.tgz 0ms (cache hit)
573 http cache accepts@https://registry.npmjs.org/accepts/-/accepts-1.3.8.tgz 0ms (cache hit)
574 http cache express@https://registry.npmjs.org/express/-/express-4.22.3.tgz 0ms (cache hit)
575 http cache ms@https://registry.npmjs.org/ms/-/ms-2.1.3.tgz 0ms (cache hit)
576 http cache ms@https://registry.npmjs.org/ms/-/ms-2.1.3.tgz 0ms (cache hit)
577 http cache debug@https://registry.npmjs.org/debug/-/debug-4.4.3.tgz 0ms (cache hit)
578 http cache ms@https://registry.npmjs.org/ms/-/ms-2.1.3.tgz 0ms (cache hit)
579 http cache depd@https://registry.npmjs.org/depd/-/depd-2.0.0.tgz 0ms (cache hit)
580 http cache debug@https://registry.npmjs.org/debug/-/debug-4.4.3.tgz 0ms (cache hit)
581 http cache debug@https://registry.npmjs.org/debug/-/debug-4.4.3.tgz 0ms (cache hit)
582 http cache ms@https://registry.npmjs.org/ms/-/ms-2.1.3.tgz 0ms (cache hit)
583 http cache debug@https://registry.npmjs.org/debug/-/debug-4.4.3.tgz 0ms (cache hit)
584 http cache socket.io@https://registry.npmjs.org/socket.io/-/socket.io-4.8.4.tgz 0ms (cache hit)
585 http cache ms@https://registry.npmjs.org/ms/-/ms-2.1.3.tgz 0ms (cache hit)
586 silly tarball no local data for @socket.io/component-emitter@https://registry.npmjs.org/@socket.io/component-emitter/-/component-emitter-3.1.2.tgz. Extracting by manifest.
587 silly tarball no local data for media-typer@https://registry.npmjs.org/media-typer/-/media-typer-0.3.0.tgz. Extracting by manifest.
588 silly tarball no local data for undici-types@https://registry.npmjs.org/undici-types/-/undici-types-8.9.0.tgz. Extracting by manifest.
589 silly tarball no local data for engine.io-parser@https://registry.npmjs.org/engine.io-parser/-/engine.io-parser-5.2.3.tgz. Extracting by manifest.
590 silly tarball no local data for ws@https://registry.npmjs.org/ws/-/ws-8.21.3.tgz. Extracting by manifest.
591 silly tarball no local data for @types/ws@https://registry.npmjs.org/@types/ws/-/ws-8.18.2.tgz. Extracting by manifest.
592 silly tarball no local data for @types/cors@https://registry.npmjs.org/@types/cors/-/cors-2.8.19.tgz. Extracting by manifest.
593 silly tarball no local data for object-assign@https://registry.npmjs.org/object-assign/-/object-assign-4.1.1.tgz. Extracting by manifest.
594 silly tarball no local data for socket.io-parser@https://registry.npmjs.org/socket.io-parser/-/socket.io-parser-4.2.7.tgz. Extracting by manifest.
595 silly tarball no local data for socket.io-adapter@https://registry.npmjs.org/socket.io-adapter/-/socket.io-adapter-2.5.8.tgz. Extracting by manifest.
596 silly tarball no local data for engine.io@https://registry.npmjs.org/engine.io/-/engine.io-6.6.11.tgz. Extracting by manifest.
597 silly tarball no local data for cors@https://registry.npmjs.org/cors/-/cors-2.8.6.tgz. Extracting by manifest.
598 silly tarball no local data for hasown@https://registry.npmjs.org/hasown/-/hasown-2.0.4.tgz. Extracting by manifest.
599 silly tarball no local data for dunder-proto@https://registry.npmjs.org/dunder-proto/-/dunder-proto-1.0.1.tgz. Extracting by manifest.
600 silly tarball no local data for @types/node@https://registry.npmjs.org/@types/node/-/node-26.6.4.tgz. Extracting by manifest.
601 silly tarball no local data for math-intrinsics@https://registry.npmjs.org/math-intrinsics/-/math-intrinsics-1.1.0.tgz. Extracting by manifest.
602 silly tarball no local data for has-symbols@https://registry.npmjs.org/has-symbols/-/has-symbols-1.1.0.tgz. Extracting by manifest.
603 silly tarball no local data for gopd@https://registry.npmjs.org/gopd/-/gopd-1.2.0.tgz. Extracting by manifest.
604 silly tarball no local data for get-proto@https://registry.npmjs.org/get-proto/-/get-proto-1.0.1.tgz. Extracting by manifest.
605 silly tarball no local data for function-bind@https://registry.npmjs.org/function-bind/-/function-bind-1.1.2.tgz. Extracting by manifest.
606 silly tarball no local data for call-bind-apply-helpers@https://registry.npmjs.org/call-bind-apply-helpers/-/call-bind-apply-helpers-1.0.2.tgz. Extracting by manifest.
607 silly tarball no local data for get-intrinsic@https://registry.npmjs.org/get-intrinsic/-/get-intrinsic-1.3.0.tgz. Extracting by manifest.
608 silly tarball no local data for side-channel-weakmap@https://registry.npmjs.org/side-channel-weakmap/-/side-channel-weakmap-1.0.2.tgz. Extracting by manifest.
609 silly tarball no local data for side-channel-list@https://registry.npmjs.org/side-channel-list/-/side-channel-list-1.0.1.tgz. Extracting by manifest.
610 silly tarball no local data for call-bound@https://registry.npmjs.org/call-bound/-/call-bound-1.0.4.tgz. Extracting by manifest.
611 silly tarball no local data for object-inspect@https://registry.npmjs.org/object-inspect/-/object-inspect-1.13.4.tgz. Extracting by manifest.
612 silly tarball no local data for side-channel-map@https://registry.npmjs.org/side-channel-map/-/side-channel-map-1.0.1.tgz. Extracting by manifest.
613 silly tarball no local data for es-object-atoms@https://registry.npmjs.org/es-object-atoms/-/es-object-atoms-1.1.2.tgz. Extracting by manifest.
614 silly tarball no local data for mime@https://registry.npmjs.org/mime/-/mime-1.6.0.tgz. Extracting by manifest.
615 silly tarball no local data for es-errors@https://registry.npmjs.org/es-errors/-/es-errors-1.3.0.tgz. Extracting by manifest.
616 silly tarball no local data for side-channel@https://registry.npmjs.org/side-channel/-/side-channel-1.1.1.tgz. Extracting by manifest.
617 silly tarball no local data for es-define-property@https://registry.npmjs.org/es-define-property/-/es-define-property-1.0.1.tgz. Extracting by manifest.
618 silly tarball no local data for ipaddr.js@https://registry.npmjs.org/ipaddr.js/-/ipaddr.js-1.9.1.tgz. Extracting by manifest.
619 silly tarball no local data for forwarded@https://registry.npmjs.org/forwarded/-/forwarded-0.2.0.tgz. Extracting by manifest.
620 silly tarball no local data for ee-first@https://registry.npmjs.org/ee-first/-/ee-first-1.1.1.tgz. Extracting by manifest.
621 silly tarball no local data for mime-db@https://registry.npmjs.org/mime-db/-/mime-db-1.52.0.tgz. Extracting by manifest.
622 silly tarball no local data for safer-buffer@https://registry.npmjs.org/safer-buffer/-/safer-buffer-2.1.2.tgz. Extracting by manifest.
623 silly tarball no local data for toidentifier@https://registry.npmjs.org/toidentifier/-/toidentifier-1.0.1.tgz. Extracting by manifest.
624 silly tarball no local data for inherits@https://registry.npmjs.org/inherits/-/inherits-2.0.4.tgz. Extracting by manifest.
625 silly tarball no local data for ms@https://registry.npmjs.org/ms/-/ms-2.0.0.tgz. Extracting by manifest.
626 silly tarball no local data for unpipe@https://registry.npmjs.org/unpipe/-/unpipe-1.0.0.tgz. Extracting by manifest.
627 silly tarball no local data for destroy@https://registry.npmjs.org/destroy/-/destroy-1.2.0.tgz. Extracting by manifest.
628 silly tarball no local data for raw-body@https://registry.npmjs.org/raw-body/-/raw-body-2.5.3.tgz. Extracting by manifest.
629 silly tarball no local data for iconv-lite@https://registry.npmjs.org/iconv-lite/-/iconv-lite-0.4.24.tgz. Extracting by manifest.
630 silly tarball no local data for bytes@https://registry.npmjs.org/bytes/-/bytes-3.1.2.tgz. Extracting by manifest.
631 silly tarball no local data for negotiator@https://registry.npmjs.org/negotiator/-/negotiator-0.6.3.tgz. Extracting by manifest.
632 silly tarball no local data for mime-types@https://registry.npmjs.org/mime-types/-/mime-types-2.1.35.tgz. Extracting by manifest.
633 silly tarball no local data for vary@https://registry.npmjs.org/vary/-/vary-1.1.2.tgz. Extracting by manifest.
634 silly tarball no local data for utils-merge@https://registry.npmjs.org/utils-merge/-/utils-merge-1.0.1.tgz. Extracting by manifest.
635 silly tarball no local data for type-is@https://registry.npmjs.org/type-is/-/type-is-1.6.18.tgz. Extracting by manifest.
636 silly tarball no local data for statuses@https://registry.npmjs.org/statuses/-/statuses-2.0.2.tgz. Extracting by manifest.
637 silly tarball no local data for setprototypeof@https://registry.npmjs.org/setprototypeof/-/setprototypeof-1.2.0.tgz. Extracting by manifest.
638 silly tarball no local data for serve-static@https://registry.npmjs.org/serve-static/-/serve-static-1.16.3.tgz. Extracting by manifest.
639 silly tarball no local data for send@https://registry.npmjs.org/send/-/send-0.19.2.tgz. Extracting by manifest.
640 silly tarball no local data for safe-buffer@https://registry.npmjs.org/safe-buffer/-/safe-buffer-5.2.1.tgz. Extracting by manifest.
641 silly tarball no local data for range-parser@https://registry.npmjs.org/range-parser/-/range-parser-1.2.1.tgz. Extracting by manifest.
642 silly tarball no local data for qs@https://registry.npmjs.org/qs/-/qs-6.16.0.tgz. Extracting by manifest.
643 silly tarball no local data for parseurl@https://registry.npmjs.org/parseurl/-/parseurl-1.3.3.tgz. Extracting by manifest.
644 silly tarball no local data for path-to-regexp@https://registry.npmjs.org/path-to-regexp/-/path-to-regexp-0.1.13.tgz. Extracting by manifest.
645 silly tarball no local data for proxy-addr@https://registry.npmjs.org/proxy-addr/-/proxy-addr-2.0.8.tgz. Extracting by manifest.
646 silly tarball no local data for on-finished@https://registry.npmjs.org/on-finished/-/on-finished-2.4.1.tgz. Extracting by manifest.
647 silly tarball no local data for merge-descriptors@https://registry.npmjs.org/merge-descriptors/-/merge-descriptors-1.0.3.tgz. Extracting by manifest.
648 silly tarball no local data for fresh@https://registry.npmjs.org/fresh/-/fresh-0.5.2.tgz. Extracting by manifest.
649 silly tarball no local data for http-errors@https://registry.npmjs.org/http-errors/-/http-errors-2.0.1.tgz. Extracting by manifest.
650 silly tarball no local data for methods@https://registry.npmjs.org/methods/-/methods-1.1.2.tgz. Extracting by manifest.
651 silly tarball no local data for finalhandler@https://registry.npmjs.org/finalhandler/-/finalhandler-1.3.2.tgz. Extracting by manifest.
652 silly tarball no local data for etag@https://registry.npmjs.org/etag/-/etag-1.8.1.tgz. Extracting by manifest.
653 silly tarball no local data for escape-html@https://registry.npmjs.org/escape-html/-/escape-html-1.0.3.tgz. Extracting by manifest.
654 silly tarball no local data for encodeurl@https://registry.npmjs.org/encodeurl/-/encodeurl-2.0.0.tgz. Extracting by manifest.
655 silly tarball no local data for debug@https://registry.npmjs.org/debug/-/debug-2.6.9.tgz. Extracting by manifest.
656 silly tarball no local data for cookie-signature@https://registry.npmjs.org/cookie-signature/-/cookie-signature-1.0.7.tgz. Extracting by manifest.
657 silly tarball no local data for cookie@https://registry.npmjs.org/cookie/-/cookie-0.7.2.tgz. Extracting by manifest.
658 silly tarball no local data for content-type@https://registry.npmjs.org/content-type/-/content-type-1.0.5.tgz. Extracting by manifest.
659 silly tarball no local data for content-disposition@https://registry.npmjs.org/content-disposition/-/content-disposition-0.5.4.tgz. Extracting by manifest.
660 silly tarball no local data for body-parser@https://registry.npmjs.org/body-parser/-/body-parser-1.20.8.tgz. Extracting by manifest.
661 silly tarball no local data for array-flatten@https://registry.npmjs.org/array-flatten/-/array-flatten-1.1.1.tgz. Extracting by manifest.
662 silly tarball no local data for accepts@https://registry.npmjs.org/accepts/-/accepts-1.3.8.tgz. Extracting by manifest.
663 silly tarball no local data for express@https://registry.npmjs.org/express/-/express-4.22.3.tgz. Extracting by manifest.
664 silly tarball no local data for ms@https://registry.npmjs.org/ms/-/ms-2.1.3.tgz. Extracting by manifest.
665 silly tarball no local data for ms@https://registry.npmjs.org/ms/-/ms-2.1.3.tgz. Extracting by manifest.
666 silly tarball no local data for debug@https://registry.npmjs.org/debug/-/debug-4.4.3.tgz. Extracting by manifest.
667 silly tarball no local data for ms@https://registry.npmjs.org/ms/-/ms-2.1.3.tgz. Extracting by manifest.
668 silly tarball no local data for depd@https://registry.npmjs.org/depd/-/depd-2.0.0.tgz. Extracting by manifest.
669 silly tarball no local data for debug@https://registry.npmjs.org/debug/-/debug-4.4.3.tgz. Extracting by manifest.
670 silly tarball no local data for debug@https://registry.npmjs.org/debug/-/debug-4.4.3.tgz. Extracting by manifest.
671 silly tarball no local data for ms@https://registry.npmjs.org/ms/-/ms-2.1.3.tgz. Extracting by manifest.
672 silly tarball no local data for debug@https://registry.npmjs.org/debug/-/debug-4.4.3.tgz. Extracting by manifest.
673 silly tarball no local data for socket.io@https://registry.npmjs.org/socket.io/-/socket.io-4.8.4.tgz. Extracting by manifest.
674 silly tarball no local data for ms@https://registry.npmjs.org/ms/-/ms-2.1.3.tgz. Extracting by manifest.
675 http fetch GET 200 https://registry.npmjs.org/media-typer/-/media-typer-0.3.0.tgz 55ms (cache miss)
676 http fetch GET 200 https://registry.npmjs.org/engine.io-parser/-/engine.io-parser-5.2.3.tgz 56ms (cache miss)
677 http fetch GET 200 https://registry.npmjs.org/undici-types/-/undici-types-8.9.0.tgz 65ms (cache miss)
678 http fetch GET 200 https://registry.npmjs.org/ws/-/ws-8.21.3.tgz 67ms (cache miss)
679 http fetch GET 200 https://registry.npmjs.org/math-intrinsics/-/math-intrinsics-1.1.0.tgz 68ms (cache miss)
680 http fetch GET 200 https://registry.npmjs.org/gopd/-/gopd-1.2.0.tgz 72ms (cache miss)
681 http fetch GET 200 https://registry.npmjs.org/has-symbols/-/has-symbols-1.1.0.tgz 75ms (cache miss)
682 http fetch GET 200 https://registry.npmjs.org/object-assign/-/object-assign-4.1.1.tgz 85ms (cache miss)
683 http fetch GET 200 https://registry.npmjs.org/hasown/-/hasown-2.0.4.tgz 85ms (cache miss)
684 http fetch GET 200 https://registry.npmjs.org/cors/-/cors-2.8.6.tgz 88ms (cache miss)
685 http fetch GET 200 https://registry.npmjs.org/dunder-proto/-/dunder-proto-1.0.1.tgz 89ms (cache miss)
686 http fetch GET 200 https://registry.npmjs.org/get-proto/-/get-proto-1.0.1.tgz 91ms (cache miss)
687 http fetch GET 200 https://registry.npmjs.org/call-bind-apply-helpers/-/call-bind-apply-helpers-1.0.2.tgz 91ms (cache miss)
688 http fetch GET 200 https://registry.npmjs.org/function-bind/-/function-bind-1.1.2.tgz 93ms (cache miss)
689 http fetch GET 200 https://registry.npmjs.org/socket.io-adapter/-/socket.io-adapter-2.5.8.tgz 101ms (cache miss)
690 http fetch GET 200 https://registry.npmjs.org/side-channel-weakmap/-/side-channel-weakmap-1.0.2.tgz 105ms (cache miss)
691 http fetch GET 200 https://registry.npmjs.org/es-errors/-/es-errors-1.3.0.tgz 109ms (cache miss)
692 http fetch GET 200 https://registry.npmjs.org/mime/-/mime-1.6.0.tgz 114ms (cache miss)
693 http fetch GET 200 https://registry.npmjs.org/side-channel-list/-/side-channel-list-1.0.1.tgz 123ms (cache miss)
694 http fetch GET 200 https://registry.npmjs.org/call-bound/-/call-bound-1.0.4.tgz 123ms (cache miss)
695 http fetch GET 200 https://registry.npmjs.org/es-object-atoms/-/es-object-atoms-1.1.2.tgz 123ms (cache miss)
696 http fetch GET 200 https://registry.npmjs.org/side-channel-map/-/side-channel-map-1.0.1.tgz 123ms (cache miss)
697 http fetch GET 200 https://registry.npmjs.org/get-intrinsic/-/get-intrinsic-1.3.0.tgz 128ms (cache miss)
698 http fetch GET 200 https://registry.npmjs.org/es-define-property/-/es-define-property-1.0.1.tgz 126ms (cache miss)
699 http fetch GET 200 https://registry.npmjs.org/side-channel/-/side-channel-1.1.1.tgz 131ms (cache miss)
700 http fetch GET 200 https://registry.npmjs.org/forwarded/-/forwarded-0.2.0.tgz 133ms (cache miss)
701 http fetch GET 200 https://registry.npmjs.org/unpipe/-/unpipe-1.0.0.tgz 133ms (cache miss)
702 http fetch GET 200 https://registry.npmjs.org/ee-first/-/ee-first-1.1.1.tgz 135ms (cache miss)
703 http fetch GET 200 https://registry.npmjs.org/toidentifier/-/toidentifier-1.0.1.tgz 135ms (cache miss)
704 http fetch GET 200 https://registry.npmjs.org/ms/-/ms-2.0.0.tgz 134ms (cache miss)
705 http fetch GET 200 https://registry.npmjs.org/inherits/-/inherits-2.0.4.tgz 136ms (cache miss)
706 http fetch GET 200 https://registry.npmjs.org/ipaddr.js/-/ipaddr.js-1.9.1.tgz 138ms (cache miss)
707 http fetch GET 200 https://registry.npmjs.org/destroy/-/destroy-1.2.0.tgz 143ms (cache miss)
708 http fetch GET 200 https://registry.npmjs.org/raw-body/-/raw-body-2.5.3.tgz 146ms (cache miss)
709 http fetch GET 200 https://registry.npmjs.org/safer-buffer/-/safer-buffer-2.1.2.tgz 147ms (cache miss)
710 http fetch GET 200 https://registry.npmjs.org/mime-db/-/mime-db-1.52.0.tgz 155ms (cache miss)
711 http fetch GET 200 https://registry.npmjs.org/negotiator/-/negotiator-0.6.3.tgz 153ms (cache miss)
712 http fetch GET 200 https://registry.npmjs.org/socket.io-parser/-/socket.io-parser-4.2.7.tgz 160ms (cache miss)
713 http fetch GET 200 https://registry.npmjs.org/setprototypeof/-/setprototypeof-1.2.0.tgz 154ms (cache miss)
714 http fetch GET 200 https://registry.npmjs.org/bytes/-/bytes-3.1.2.tgz 156ms (cache miss)
715 http fetch GET 200 https://registry.npmjs.org/utils-merge/-/utils-merge-1.0.1.tgz 155ms (cache miss)
716 http fetch GET 200 https://registry.npmjs.org/serve-static/-/serve-static-1.16.3.tgz 156ms (cache miss)
717 http fetch GET 200 https://registry.npmjs.org/type-is/-/type-is-1.6.18.tgz 156ms (cache miss)
718 http fetch GET 200 https://registry.npmjs.org/statuses/-/statuses-2.0.2.tgz 156ms (cache miss)
719 http fetch GET 200 https://registry.npmjs.org/mime-types/-/mime-types-2.1.35.tgz 156ms (cache miss)
720 http fetch GET 200 https://registry.npmjs.org/vary/-/vary-1.1.2.tgz 157ms (cache miss)
721 http fetch GET 200 https://registry.npmjs.org/send/-/send-0.19.2.tgz 158ms (cache miss)
722 http fetch GET 200 https://registry.npmjs.org/safe-buffer/-/safe-buffer-5.2.1.tgz 167ms (cache miss)
723 http fetch GET 200 https://registry.npmjs.org/path-to-regexp/-/path-to-regexp-0.1.13.tgz 171ms (cache miss)
724 http fetch GET 200 https://registry.npmjs.org/on-finished/-/on-finished-2.4.1.tgz 171ms (cache miss)
725 http fetch GET 200 https://registry.npmjs.org/range-parser/-/range-parser-1.2.1.tgz 172ms (cache miss)
726 http fetch GET 200 https://registry.npmjs.org/parseurl/-/parseurl-1.3.3.tgz 174ms (cache miss)
727 http fetch GET 200 https://registry.npmjs.org/http-errors/-/http-errors-2.0.1.tgz 173ms (cache miss)
728 http fetch GET 200 https://registry.npmjs.org/merge-descriptors/-/merge-descriptors-1.0.3.tgz 173ms (cache miss)
729 http fetch GET 200 https://registry.npmjs.org/fresh/-/fresh-0.5.2.tgz 174ms (cache miss)
730 http fetch GET 200 https://registry.npmjs.org/proxy-addr/-/proxy-addr-2.0.8.tgz 176ms (cache miss)
731 http fetch GET 200 https://registry.npmjs.org/object-inspect/-/object-inspect-1.13.4.tgz 180ms (cache miss)
732 http fetch GET 200 https://registry.npmjs.org/finalhandler/-/finalhandler-1.3.2.tgz 177ms (cache miss)
733 http fetch GET 200 https://registry.npmjs.org/methods/-/methods-1.1.2.tgz 180ms (cache miss)
734 http fetch GET 200 https://registry.npmjs.org/escape-html/-/escape-html-1.0.3.tgz 186ms (cache miss)
735 http fetch GET 200 https://registry.npmjs.org/encodeurl/-/encodeurl-2.0.0.tgz 189ms (cache miss)
736 http fetch GET 200 https://registry.npmjs.org/engine.io/-/engine.io-6.6.11.tgz 199ms (cache miss)
737 http fetch GET 200 https://registry.npmjs.org/etag/-/etag-1.8.1.tgz 194ms (cache miss)
738 http fetch GET 200 https://registry.npmjs.org/qs/-/qs-6.16.0.tgz 196ms (cache miss)
739 http fetch GET 200 https://registry.npmjs.org/cookie/-/cookie-0.7.2.tgz 194ms (cache miss)
740 http fetch GET 200 https://registry.npmjs.org/cookie-signature/-/cookie-signature-1.0.7.tgz 194ms (cache miss)
741 http fetch GET 200 https://registry.npmjs.org/content-type/-/content-type-1.0.5.tgz 195ms (cache miss)
742 http fetch GET 200 https://registry.npmjs.org/content-disposition/-/content-disposition-0.5.4.tgz 195ms (cache miss)
743 http fetch GET 200 https://registry.npmjs.org/body-parser/-/body-parser-1.20.8.tgz 196ms (cache miss)
744 http fetch GET 200 https://registry.npmjs.org/iconv-lite/-/iconv-lite-0.4.24.tgz 200ms (cache miss)
745 http fetch GET 200 https://registry.npmjs.org/array-flatten/-/array-flatten-1.1.1.tgz 195ms (cache miss)
746 http fetch GET 200 https://registry.npmjs.org/debug/-/debug-2.6.9.tgz 198ms (cache miss)
747 http fetch GET 200 https://registry.npmjs.org/@types/node/-/node-26.6.4.tgz 210ms (cache miss)
748 http fetch POST 200 https://registry.npmjs.org/-/npm/v1/security/advisories/bulk 317ms
749 silly audit report {}
750 http fetch GET 200 https://registry.npmjs.org/ms/-/ms-2.1.3.tgz 302ms (cache miss)
751 http fetch GET 200 https://registry.npmjs.org/debug/-/debug-4.4.3.tgz 304ms (cache miss)
752 http fetch GET 200 https://registry.npmjs.org/@types/ws/-/ws-8.18.2.tgz 318ms (cache miss)
753 http fetch GET 200 https://registry.npmjs.org/ms/-/ms-2.1.3.tgz 307ms (cache miss)
754 http fetch GET 200 https://registry.npmjs.org/ms/-/ms-2.1.3.tgz 307ms (cache miss)
755 http fetch GET 200 https://registry.npmjs.org/accepts/-/accepts-1.3.8.tgz 308ms (cache miss)
756 http fetch GET 200 https://registry.npmjs.org/debug/-/debug-4.4.3.tgz 308ms (cache miss)
757 http fetch GET 200 https://registry.npmjs.org/ms/-/ms-2.1.3.tgz 309ms (cache miss)
758 http fetch GET 200 https://registry.npmjs.org/ms/-/ms-2.1.3.tgz 309ms (cache miss)
759 http fetch GET 200 https://registry.npmjs.org/depd/-/depd-2.0.0.tgz 310ms (cache miss)
760 http fetch GET 200 https://registry.npmjs.org/debug/-/debug-4.4.3.tgz 310ms (cache miss)
761 http fetch GET 200 https://registry.npmjs.org/@socket.io/component-emitter/-/component-emitter-3.1.2.tgz 323ms (cache miss)
762 http fetch GET 200 https://registry.npmjs.org/debug/-/debug-4.4.3.tgz 310ms (cache miss)
763 http fetch GET 200 https://registry.npmjs.org/express/-/express-4.22.3.tgz 315ms (cache miss)
764 http fetch GET 200 https://registry.npmjs.org/socket.io/-/socket.io-4.8.4.tgz 321ms (cache miss)
765 http fetch GET 200 https://registry.npmjs.org/@types/cors/-/cors-2.8.19.tgz 340ms (cache miss)
766 silly ADD node_modules/media-typer
767 silly ADD node_modules/@socket.io/component-emitter
768 silly ADD node_modules/undici-types
769 silly ADD node_modules/ws
770 silly ADD node_modules/engine.io-parser
771 silly ADD node_modules/@types/ws
772 silly ADD node_modules/@types/node
773 silly ADD node_modules/@types/cors
774 silly ADD node_modules/object-assign
775 silly ADD node_modules/socket.io-parser
776 silly ADD node_modules/socket.io-parser/node_modules/ms
777 silly ADD node_modules/socket.io-parser/node_modules/debug
778 silly ADD node_modules/socket.io-adapter
779 silly ADD node_modules/socket.io-adapter/node_modules/ms
780 silly ADD node_modules/socket.io-adapter/node_modules/debug
781 silly ADD node_modules/engine.io
782 silly ADD node_modules/engine.io/node_modules/ms
783 silly ADD node_modules/engine.io/node_modules/debug
784 silly ADD node_modules/cors
785 silly ADD node_modules/dunder-proto
786 silly ADD node_modules/math-intrinsics
787 silly ADD node_modules/hasown
788 silly ADD node_modules/has-symbols
789 silly ADD node_modules/gopd
790 silly ADD node_modules/get-proto
791 silly ADD node_modules/es-object-atoms
792 silly ADD node_modules/function-bind
793 silly ADD node_modules/call-bind-apply-helpers
794 silly ADD node_modules/get-intrinsic
795 silly ADD node_modules/call-bound
796 silly ADD node_modules/side-channel-weakmap
797 silly ADD node_modules/side-channel-map
798 silly ADD node_modules/side-channel-list
799 silly ADD node_modules/object-inspect
800 silly ADD node_modules/es-errors
801 silly ADD node_modules/mime
802 silly ADD node_modules/side-channel
803 silly ADD node_modules/es-define-property
804 silly ADD node_modules/ipaddr.js
805 silly ADD node_modules/forwarded
806 silly ADD node_modules/ee-first
807 silly ADD node_modules/mime-db
808 silly ADD node_modules/safer-buffer
809 silly ADD node_modules/toidentifier
810 silly ADD node_modules/inherits
811 silly ADD node_modules/ms
812 silly ADD node_modules/unpipe
813 silly ADD node_modules/raw-body
814 silly ADD node_modules/iconv-lite
815 silly ADD node_modules/destroy
816 silly ADD node_modules/bytes
817 silly ADD node_modules/negotiator
818 silly ADD node_modules/mime-types
819 silly ADD node_modules/vary
820 silly ADD node_modules/utils-merge
821 silly ADD node_modules/type-is
822 silly ADD node_modules/statuses
823 silly ADD node_modules/setprototypeof
824 silly ADD node_modules/serve-static
825 silly ADD node_modules/send
826 silly ADD node_modules/send/node_modules/ms
827 silly ADD node_modules/safe-buffer
828 silly ADD node_modules/range-parser
829 silly ADD node_modules/qs
830 silly ADD node_modules/proxy-addr
831 silly ADD node_modules/path-to-regexp
832 silly ADD node_modules/parseurl
833 silly ADD node_modules/on-finished
834 silly ADD node_modules/methods
835 silly ADD node_modules/merge-descriptors
836 silly ADD node_modules/http-errors
837 silly ADD node_modules/fresh
838 silly ADD node_modules/finalhandler
839 silly ADD node_modules/etag
840 silly ADD node_modules/escape-html
841 silly ADD node_modules/encodeurl
842 silly ADD node_modules/depd
843 silly ADD node_modules/debug
844 silly ADD node_modules/cookie-signature
845 silly ADD node_modules/cookie
846 silly ADD node_modules/content-type
847 silly ADD node_modules/content-disposition
848 silly ADD node_modules/body-parser
849 silly ADD node_modules/array-flatten
850 silly ADD node_modules/accepts
851 silly ADD node_modules/socket.io
852 silly ADD node_modules/socket.io/node_modules/ms
853 silly ADD node_modules/socket.io/node_modules/debug
854 silly ADD node_modules/express
855 verbose cwd /Users/osx/Downloads/stitch_audio_video_chat_app
856 verbose os Darwin 27.0.0
857 verbose node v24.13.0
858 verbose npm  v11.6.2
859 notice
859 notice New [33mminor[39m version of npm available! [33m11.6.2[39m -> [34m11.21.0[39m
859 notice Changelog: [34mhttps://github.com/npm/cli/releases/tag/v11.21.0[39m
859 notice To update run: [4mnpm install -g npm@11.21.0[24m
859 notice  { force: true, Symbol(proc-log.meta): true }
860 verbose exit 0
861 info ok
